---
source: src/format.rs
expression: "format_str(indoc!\n{\n    r#\"\n            function(\n            \t# foo\n                foo, #foo\n                #bar\n                #  bar\n                bar = 3 #bar\n            ) {}\n        \"#\n})"
---
function(
  # foo
  foo, # foo
  # bar
  #  bar
  bar = 3 # bar
) {}
