---
source: src/format.rs
expression: "format_str(indoc!\n{\n    r#\"\n            if (foo) {\n                bar\n            } else if (baz) { qux } else corge\n\n            if (foo)\n                {bar}\n            if (foo) {\n                bar\n            } else if (baz) {\n                qux\n            } else if (quux) { corge }\n        \"#\n}).unwrap()"
---
if (foo) {
  bar
} else if (baz) {
  qux
} else {
  corge
}

if (foo) {
  bar
}
if (foo) {
  bar
} else if (baz) {
  qux
} else if (quux) {
  corge
}
