---
source: src/format.rs
expression: "format_str(indoc!\n{\n    r#\"\n            if (any(\n            sapply(foo)\n            )) stop(\"\")\n            if ( !foo || \n            !bar ||\n                !baz()\n            ) stop(\"\")\n        \"#\n}).unwrap()"
---
if (
  any(
    sapply(foo)
  )
) {
  stop("")
}
if (
  !foo ||
    !bar ||
    !baz()
) {
  stop("")
}
