---
source: src/format.rs
expression: "format_str(indoc!\n{\n    r#\"\n            foo(\n              # fmt: skip\n              a = c(\n                1, 2,\n                3, 4\n              ),\n              b=0\n            )\n            c(\n              1, 2,\n              3, 4\n            ) # fmt: skip\n        \"#\n}).unwrap()"
---
foo(
  # fmt: skip
  a = c(
    1, 2,
    3, 4
  ),
  b = 0
)
c(
  1, 2,
  3, 4
) # fmt: skip
