---
source: src/format.rs
expression: "format_str(indoc!\n{\n    r#\"\n            starwars %>% #foo\n            group_by(species)   %>% #bar\n            select(height, mass)%>% ###   baz\n            summarise(\n                    height = mean(height, na.rm = TRUE),\n                mass = mean(mass, na.rm = TRUE)\n            )\n        \"#\n})"
---
starwars %>% # foo
  group_by(species) %>% # bar
  select(height, mass) %>% ###   baz
  summarise(
    height = mean(height, na.rm = TRUE),
    mass = mean(mass, na.rm = TRUE)
  )
