---
source: src/format.rs
expression: "format_str(indoc!\n{\n    r#\"\n            {\n                    # single line\n                a # next\n\n\n                # multi\n                # line\n                # comment\n                b\n            }\n        \"#\n})"
---
{
  # single line
  a # next

  # multi
  # line
  # comment
  b
}
