---
source: src/format.rs
expression: "format_str(indoc!\n{\n    r#\"\n            (1 +2 )\n            (\n            #foo\n            1 +2 )\n            x <- ( # com\n            5\n            )\n            (\n                a #foo\n            )\n            (\n            \t#foo\n                a #bar\n                #baz\n            )\n            ( #foo\n                a #bar\n            #baz\n            )\n            ( a #foo\n            )\n        \"#\n})"
---
(1 + 2)
(
  # foo
  1 + 2
)
x <- (
  # com
  5
)
(
  a # foo
)
(
  # foo
  a # bar
  # baz
)
(
  # foo
  a # bar
  # baz
)
(
  a # foo
)
