---
source: src/format.rs
expression: "fmt(indoc!\n{\n    r#\"\n            .66\n            .11\n            123.4123\n            .1234\n            0xDEAD\n            x <- -.66\n            1e322\n            1e-3\n            1e+3\n            1.8e10\n            1.e10\n            1e10\n        \"#\n})"
---
.66
.11
123.4123
.1234
0xDEAD
x <- -.66
1e322
1e-3
1e+3
1.8e10
1.e10
1e10
